=== Java en (en-US) ===
build 1466 ms
init_first_check 1575 ms (1 sentences)
warmup 100 830 ms
steady 5000 18865 ms 3.773 ms/sentence
=== Java de (de-DE) ===
build 4284 ms
init_first_check 14766 ms (1 sentences)
warmup 100 5263 ms
steady 5000 67327 ms 13.466 ms/sentence
=== Java es (es) ===
build 1586 ms
init_first_check 1389 ms (1 sentences)
warmup 100 1032 ms
steady 5000 12639 ms 2.528 ms/sentence
=== Java pt (pt-PT) ===
build 6096 ms
init_first_check 1689 ms (1 sentences)
warmup 100 1732 ms
steady 5000 45196 ms 9.039 ms/sentence
=== Java fr (fr) ===
build 4019 ms
init_first_check 1969 ms (1 sentences)
warmup 100 2502 ms
steady 5000 61129 ms 12.226 ms/sentence
